// Jest Snapshot v1, https://goo.gl/fbAQLP

exports[`SaveRecipeButton matches snapshot 1`] = `
ShallowWrapper {
  "length": 1,
  Symbol(enzyme.__root__): [Circular],
  Symbol(enzyme.__unrendered__): <SaveRecipeButton
    scrapePageRecipe={[Function]}
/>,
  Symbol(enzyme.__renderer__): Object {
    "batchedUpdates": [Function],
    "getNode": [Function],
    "render": [Function],
    "simulateEvent": [Function],
    "unmount": [Function],
  },
  Symbol(enzyme.__node__): Object {
    "instance": null,
    "key": undefined,
    "nodeType": "host",
    "props": Object {
      "children": Array [
        <Button
          active={false}
          block={false}
          bsClass="btn"
          bsStyle="default"
          className="saveButton"
          disabled={false}
          onClick={[Function]}
>
          Pull Recipe
</Button>,
        <p
          className="error"
/>,
      ],
    },
    "ref": null,
    "rendered": Array [
      Object {
        "instance": null,
        "key": undefined,
        "nodeType": "class",
        "props": Object {
          "active": false,
          "block": false,
          "bsClass": "btn",
          "bsStyle": "default",
          "children": "Pull Recipe",
          "className": "saveButton",
          "disabled": false,
          "onClick": [Function],
        },
        "ref": null,
        "rendered": "Pull Recipe",
        "type": [Function],
      },
      Object {
        "instance": null,
        "key": undefined,
        "nodeType": "host",
        "props": Object {
          "children": false,
          "className": "error",
        },
        "ref": null,
        "rendered": false,
        "type": "p",
      },
    ],
    "type": "div",
  },
  Symbol(enzyme.__nodes__): Array [
    Object {
      "instance": null,
      "key": undefined,
      "nodeType": "host",
      "props": Object {
        "children": Array [
          <Button
            active={false}
            block={false}
            bsClass="btn"
            bsStyle="default"
            className="saveButton"
            disabled={false}
            onClick={[Function]}
>
            Pull Recipe
</Button>,
          <p
            className="error"
/>,
        ],
      },
      "ref": null,
      "rendered": Array [
        Object {
          "instance": null,
          "key": undefined,
          "nodeType": "class",
          "props": Object {
            "active": false,
            "block": false,
            "bsClass": "btn",
            "bsStyle": "default",
            "children": "Pull Recipe",
            "className": "saveButton",
            "disabled": false,
            "onClick": [Function],
          },
          "ref": null,
          "rendered": "Pull Recipe",
          "type": [Function],
        },
        Object {
          "instance": null,
          "key": undefined,
          "nodeType": "host",
          "props": Object {
            "children": false,
            "className": "error",
          },
          "ref": null,
          "rendered": false,
          "type": "p",
        },
      ],
      "type": "div",
    },
  ],
  Symbol(enzyme.__options__): Object {
    "adapter": ReactSixteenAdapter {
      "options": Object {
        "enableComponentDidUpdateOnSetState": true,
      },
    },
  },
}
`;
